2026-08-05T07:16:41Z INF Thank you for trying Cloudflare Tunnel. Doing so, without a Cloudflare account, is a quick way to experiment and try it out. However, be aware that these account-less Tunnels have no uptime guarantee, are subject to the Cloudflare Online Services Terms of Use (https://www.cloudflare.com/website-terms/), and Cloudflare reserves the right to investigate your use of Tunnels for violations of such terms. If you intend to use Tunnels in production you should use a pre-created named tunnel by following: https://developers.cloudflare.com/cloudflare-one/connections/connect-apps
2026-08-05T07:16:41Z INF Requesting new quick Tunnel on trycloudflare.com...
2026-08-05T07:16:53Z INF +--------------------------------------------------------------------------------------------+
2026-08-05T07:16:53Z INF |  Your quick Tunnel has been created! Visit it at (it may take some time to be reachable):  |
2026-08-05T07:16:53Z INF |  https://seeking-archives-relative-leave.trycloudflare.com                                 |
2026-08-05T07:16:53Z INF +--------------------------------------------------------------------------------------------+
2026-08-05T07:16:53Z INF Cannot determine default configuration path. No file [config.yml config.yaml] in [~/.cloudflared ~/.cloudflare-warp ~/cloudflare-warp]
2026-08-05T07:16:53Z INF Version 2026.7.3 (Checksum 8635da433b6df8194746e88ed9d2589566c20e38bfc2a80e431a348b7c765841)
2026-08-05T07:16:53Z INF GOOS: windows, GOVersion: go1.26.4, GoArch: amd64
2026-08-05T07:16:53Z INF Settings: map[ha-connections:1 p:http2 protocol:http2 url:http://localhost:5000]
2026-08-05T07:16:53Z INF cloudflared will not automatically update on Windows systems.
2026-08-05T07:16:53Z INF Generated Connector ID: 06a5bf4d-2ce7-4534-8877-23857439c423
2026-08-05T07:16:55Z INF Initial protocol http2
2026-08-05T07:16:55Z INF ICMP proxy will use 192.168.0.82 as source for IPv4
2026-08-05T07:16:55Z INF ICMP proxy will use fe80::44b9:1970:2c19:334 in zone Беспроводная сеть 2 as source for IPv6
2026-08-05T07:16:55Z INF cloudflared does not support loading the system root certificate pool on Windows. Please use --origin-ca-pool <PATH> to specify the path to the certificate pool
2026-08-05T07:16:55Z INF ICMP proxy will use 192.168.0.82 as source for IPv4
2026-08-05T07:16:55Z INF Tunnel connection curve preferences: [X25519MLKEM768 CurveID(65074) CurveP256] connIndex=0 event=0 ip=198.41.200.73
2026-08-05T07:16:55Z INF ICMP proxy will use fe80::44b9:1970:2c19:334 in zone Беспроводная сеть 2 as source for IPv6
2026-08-05T07:16:55Z INF Starting metrics server on 127.0.0.1:20241/metrics
2026-08-05T07:16:56Z INF Registered tunnel connection connIndex=0 connection=ca4c3b36-cd9f-4f80-a540-5e061e7e5697 event=0 ip=198.41.200.73 location=waw04 protocol=http2
2026-08-05T07:17:00Z ERR Failed to initialize DNS local resolver error="lookup region1.v2.argotunnel.com: i/o timeout"
2026-08-05T07:17:05Z INF +--------------------------------------------------------------------------------------------------------------------------------------------------------------------+
2026-08-05T07:17:05Z INF |                                                                      CONNECTIVITY PRE-CHECKS                                                                       |
2026-08-05T07:17:05Z INF +--------------------------------------------------------------------------------------------------------------------------------------------------------------------+
2026-08-05T07:17:05Z INF |  COMPONENT         TARGET                     STATUS  DETAILS                                                                                                      |
2026-08-05T07:17:05Z INF |  DNS Resolution    region1.v2.argotunnel.com  PASS    DNS Resolved successfully                                                                                    |
2026-08-05T07:17:05Z INF |  DNS Resolution    region2.v2.argotunnel.com  PASS    DNS Resolved successfully                                                                                    |
2026-08-05T07:17:05Z INF |  UDP Connectivity  region1.v2.argotunnel.com  PASS    QUIC connection successful                                                                                   |
2026-08-05T07:17:05Z INF |  UDP Connectivity  region2.v2.argotunnel.com  PASS    QUIC connection successful                                                                                   |
2026-08-05T07:17:05Z INF |  TCP Connectivity  region1.v2.argotunnel.com  PASS    HTTP/2 connection successful                                                                                 |
2026-08-05T07:17:05Z INF |  TCP Connectivity  region2.v2.argotunnel.com  FAIL    HTTP/2 connection is blocked or unreachable                                                                  |
2026-08-05T07:17:05Z INF |  Cloudflare API    api.cloudflare.com:443     FAIL    API Connection failed                                                                                        |
2026-08-05T07:17:05Z INF |  WARNING: Allow outbound TCP on port 7844.                                                                                                                         |
2026-08-05T07:17:05Z INF |  WARNING: cloudflared will still run, but automatic software updates are unavailable. Ensure port 443 TCP to api.cloudflare.com is open if you want auto-updates.  |
2026-08-05T07:17:05Z INF |                                                                                                                                                                    |
2026-08-05T07:17:05Z INF |  SUMMARY: Environment ready with degraded transport. cloudflared will proceed using 'quic'.                                                                        |
2026-08-05T07:17:05Z INF +--------------------------------------------------------------------------------------------------------------------------------------------------------------------+
2026-08-05T07:17:05Z INF precheck component="DNS Resolution" details="DNS Resolved successfully" run_id=74a2ffce-7bc9-4195-993d-4789e232013c status=pass target=region1.v2.argotunnel.com
2026-08-05T07:17:05Z INF precheck component="DNS Resolution" details="DNS Resolved successfully" run_id=74a2ffce-7bc9-4195-993d-4789e232013c status=pass target=region2.v2.argotunnel.com
2026-08-05T07:17:05Z INF precheck component="UDP Connectivity" details="QUIC connection successful" run_id=74a2ffce-7bc9-4195-993d-4789e232013c status=pass target=region1.v2.argotunnel.com
2026-08-05T07:17:05Z INF precheck component="UDP Connectivity" details="QUIC connection successful" run_id=74a2ffce-7bc9-4195-993d-4789e232013c status=pass target=region2.v2.argotunnel.com
2026-08-05T07:17:05Z INF precheck component="TCP Connectivity" details="HTTP/2 connection successful" run_id=74a2ffce-7bc9-4195-993d-4789e232013c status=pass target=region1.v2.argotunnel.com
2026-08-05T07:17:05Z INF precheck component="TCP Connectivity" details="HTTP/2 connection is blocked or unreachable" run_id=74a2ffce-7bc9-4195-993d-4789e232013c status=fail target=region2.v2.argotunnel.com
2026-08-05T07:17:05Z INF precheck component="Cloudflare API" details="API Connection failed" run_id=74a2ffce-7bc9-4195-993d-4789e232013c status=fail target=api.cloudflare.com:443
2026-08-05T07:17:05Z INF precheck complete hard_fail=false run_id=74a2ffce-7bc9-4195-993d-4789e232013c suggested_protocol=quic
